Loading amazon...
Loaded amazon in 1.0s
==============================================================================
NF-MCD real-data experiment: amazon
==============================================================================

Graph: 146 nodes, 390 edges, 1 connected components
Communities (proxy groups: snap_amazon): 4 -> ['community_0', 'community_1', 'community_2', 'community_3']
Nodes with text: 0/146  |  Nodes with image: 0/146

Encoding real text/image content via nf_mcd.encoders.MultimodalEncoder (sentence-transformers + CLIP)...
Encoding done in 13.8s (text backend=sentence-transformers, image backend=clip)

Scanning k in [3, 4, 5] (selecting by modularity of the hard partition)...
  k=3: modularity=0.6433, fcm_iters=18, final_obj=23.600
  k=4: modularity=0.7172, fcm_iters=29, final_obj=16.269
  k=5: modularity=0.7340, fcm_iters=6, final_obj=14.141

Selected k=5 (modularity=0.7340)

Evaluation:
          modularity: 0.7340
     overlapping_nmi: 0.3570
       membership_f1: 0.5522
       rule_fidelity: 0.3493

------------------------------------------------------------------------------
Example per-node explanations
------------------------------------------------------------------------------

[none]
  Node 0: assigned to community 2 with membership 1.00 (secondary memberships: community 0 (0.00), community 4 (0.00)). No content (text or image) was available for this node; the assignment is driven entirely by network structure.

------------------------------------------------------------------------------
Extracted global fuzzy rules
------------------------------------------------------------------------------
  IF cross-modal confidence is Low AND content-trust (alpha) is Low THEN dominant community is 2 (support=146 nodes, purity=35%)

Saved visualization to C:\Users\HP\Projects\Paper_SSC\nfmcd_impl\experiments\amazon_output.png
