Confidence calibration analysis: NF-MCD confidence as a mismatch detector.
Convention: p_mismatch = 1 - confidence_ (confidence_ = model's estimated P(pair NOT mismatched)).
ECE/Brier/precision/recall computed against the injected mismatch label on 'both'-modality nodes only.
Total finished rows: 256
====================================================================================================


### Synthetic: ECE / Brier / AUROC vs. contamination (misalignment_rate), by content strength and missingness
(kind=default NF-MCD; mean+-sd over 5 seeds)

content=hi (centroid_scale=3.0), missingness=0.0
  mis_rate    n_both  prevalence           ECE         Brier         AUROC            AP
  0.10           600       0.098  0.246+-0.006  0.098+-0.004  0.975+-0.007  0.849+-0.025
  0.20           600       0.197  0.204+-0.014  0.130+-0.006  0.914+-0.017  0.770+-0.037
  0.30           600       0.311  0.071+-0.015  0.194+-0.006  0.706+-0.032  0.529+-0.034
  0.40           600       0.411  0.061+-0.026  0.237+-0.013  0.607+-0.037  0.524+-0.023

content=hi (centroid_scale=3.0), missingness=0.4
  mis_rate    n_both  prevalence           ECE         Brier         AUROC            AP
  0.10           355       0.112  0.248+-0.008  0.102+-0.008  0.967+-0.013  0.853+-0.035
  0.20           362       0.207  0.194+-0.019  0.137+-0.009  0.889+-0.025  0.715+-0.059
  0.30           360       0.284  0.110+-0.040  0.177+-0.020  0.770+-0.080  0.597+-0.072
  0.40           367       0.391  0.058+-0.014  0.231+-0.004  0.621+-0.030  0.503+-0.016

content=lo (centroid_scale=0.5), missingness=0.0
  mis_rate    n_both  prevalence           ECE         Brier         AUROC            AP
  0.10           600       0.098  0.242+-0.013  0.106+-0.004  0.936+-0.017  0.723+-0.056
  0.20           600       0.197  0.168+-0.015  0.144+-0.006  0.845+-0.018  0.626+-0.032
  0.30           600       0.311  0.061+-0.013  0.202+-0.004  0.676+-0.020  0.470+-0.029
  0.40           600       0.411  0.073+-0.024  0.243+-0.011  0.585+-0.037  0.488+-0.017

content=lo (centroid_scale=0.5), missingness=0.4
  mis_rate    n_both  prevalence           ECE         Brier         AUROC            AP
  0.10           355       0.112  0.234+-0.017  0.115+-0.008  0.926+-0.018  0.673+-0.065
  0.20           362       0.207  0.166+-0.014  0.149+-0.007  0.841+-0.026  0.615+-0.040
  0.30           360       0.284  0.099+-0.029  0.186+-0.015  0.715+-0.045  0.525+-0.037
  0.40           367       0.391  0.067+-0.015  0.234+-0.010  0.611+-0.043  0.493+-0.040


### Synthetic: precision/recall for identifying unreliable content, at 3 thresholds on p_mismatch
(kind=default; content=hi; mean over 5 seeds)
  mis_rate  miss     prec@0.3   rec@0.3  prec@0.5   rec@0.5  prec@0.7   rec@0.7
  0.10      0.0         0.342     0.980     0.922     0.508     1.000     0.152
  0.20      0.0         0.405     0.936     0.872     0.424     0.960     0.119
  0.30      0.0         0.415     0.781     0.595     0.222     0.790     0.063
  0.40      0.0         0.460     0.713     0.569     0.191     0.647     0.048
  0.10      0.4         0.323     0.973     0.918     0.593     1.000     0.172
  0.20      0.4         0.393     0.924     0.832     0.446     0.863     0.139
  0.30      0.4         0.407     0.850     0.653     0.286     0.889     0.091
  0.40      0.4         0.442     0.762     0.525     0.219     0.581     0.051


### Synthetic: calibration BEFORE vs AFTER missingness (missingness=0.0 vs 0.4), content=hi, default kind
  mis_rate    n_both@0.0   ECE@0.0  n_both@0.4   ECE@0.4  AUROC@0.0  AUROC@0.4
  0.10               600     0.246         355     0.248      0.975      0.967
  0.20               600     0.204         362     0.194      0.914      0.889
  0.30               600     0.071         360     0.110      0.706      0.770
  0.40               600     0.061         367     0.058      0.607      0.621


### Real data (crisismmd, fakeddit): ECE / Brier / AUROC vs injected swap fraction q, missingness 0.0 vs 0.4 (default kind; mean+-sd over 3 seeds)

crisismmd, missingness=0.0
  q         n_both  prevalence           ECE         Brier         AUROC            AP
  0.10         800       0.097  0.273+-0.005  0.173+-0.005  0.627+-0.048  0.170+-0.036
  0.20         800       0.195  0.186+-0.006  0.199+-0.006  0.611+-0.022  0.256+-0.019
  0.30         800       0.289  0.100+-0.018  0.223+-0.011  0.589+-0.021  0.353+-0.006
  0.40         800       0.379  0.087+-0.020  0.247+-0.007  0.565+-0.013  0.431+-0.013

crisismmd, missingness=0.4
  q         n_both  prevalence           ECE         Brier         AUROC            AP
  0.10         276       0.114  0.269+-0.026  0.187+-0.011  0.609+-0.069  0.164+-0.028
  0.20         276       0.207  0.190+-0.016  0.215+-0.010  0.574+-0.027  0.246+-0.013
  0.30         276       0.299  0.111+-0.015  0.223+-0.008  0.601+-0.018  0.394+-0.031
  0.40         276       0.380  0.102+-0.025  0.246+-0.010  0.584+-0.016  0.451+-0.010

fakeddit, missingness=0.0
  q         n_both  prevalence           ECE         Brier         AUROC            AP
  0.10        1143       0.101  0.268+-0.003  0.173+-0.002  0.610+-0.028  0.158+-0.024
  0.20        1143       0.198  0.175+-0.004  0.201+-0.002  0.586+-0.004  0.248+-0.017
  0.30        1143       0.291  0.091+-0.006  0.230+-0.001  0.556+-0.006  0.322+-0.018
  0.40        1143       0.381  0.082+-0.008  0.246+-0.006  0.554+-0.015  0.425+-0.019

fakeddit, missingness=0.4
  q         n_both  prevalence           ECE         Brier         AUROC            AP
  0.10         404       0.099  0.278+-0.009  0.176+-0.003  0.608+-0.045  0.147+-0.019
  0.20         404       0.192  0.187+-0.011  0.195+-0.004  0.597+-0.019  0.264+-0.016
  0.30         404       0.293  0.104+-0.007  0.228+-0.003  0.527+-0.017  0.326+-0.034
  0.40         404       0.384  0.087+-0.016  0.250+-0.006  0.523+-0.004  0.412+-0.026


### Real data: precision/recall for identifying unreliable content at q=0.2 (default kind)
  dataset       miss     prec@0.3   rec@0.3  prec@0.5   rec@0.5  prec@0.7   rec@0.7
  crisismmd     0.0         0.243     0.733     0.267     0.245     0.257     0.073
  crisismmd     0.4         0.237     0.757     0.228     0.234     0.229     0.069
  fakeddit      0.0         0.235     0.697     0.250     0.195     0.242     0.066
  fakeddit      0.4         0.219     0.736     0.291     0.246     0.266     0.065


### default vs. rank16 CCA cap: ECE / AUROC at a representative cell (synthetic content=hi mis=0.2 miss=0.0; real q=0.2 miss=0.0)
  setting                       ECE(default)   ECE(rank16)  AUROC(default)   AUROC(rank16)
  synthetic/hi                         0.204         0.312           0.914           0.987
  real/crisismmd                       0.186         0.416           0.611           0.781
  real/fakeddit                        0.175         0.431           0.586           0.721
