1. What the default model outputs (mean over 3 seeds; k = ground-truth count)
----------------------------------------------------------------------------------------------------------------------
dataset                maxClu   minClu    U.max     U<.3   comm/n   predSz      sep    alpha     ONMI  ONMIhard     ARI
crisismmd@r0.02         0.255    0.040    0.473    0.203    1.390    0.189    0.039    0.601    0.718     0.654   0.887
crisismmd@r0.1          0.537    0.000    0.143    1.000    1.000    0.001    0.000    0.601    0.159     0.159   0.288
crisismmd@r0.25         0.355    0.012    0.143    1.000    1.000    0.115    0.000    0.601    0.079     0.079   0.160
crisismmd@r0.5          0.344    0.017    0.143    1.000    1.000    0.085    0.000    0.601    0.039     0.039   0.058
crisismmd@r1.0          0.283    0.007    0.143    1.000    1.000    0.135    0.000    0.601    0.034     0.034   0.078
fakeddit@r0.02          0.293    0.002    0.215    0.823    1.439    0.133    0.000    0.582    0.364     0.263   0.469
fakeddit@r0.1           0.568    0.000    0.136    0.973    1.000    0.000    0.000    0.582    0.202     0.202   0.358
fakeddit@r0.25          0.518    0.000    0.100    1.000    1.000    0.001    0.000    0.582    0.130     0.130   0.322
fakeddit@r0.5           0.375    0.007    0.100    1.000    1.000    0.039    0.000    0.582    0.031     0.031   0.232
fakeddit@r1.0           0.321    0.012    0.100    1.000    1.000    0.058    0.000    0.582    0.020     0.020   0.161
crisismmd               0.259    0.001    0.327    0.501    1.067    0.153    0.000    0.601    0.609     0.583   0.897
fakeddit                0.358    0.001    0.176    0.914    1.323    0.096    0.000    0.582    0.308     0.239   0.425
  maxClu/minClu = largest/smallest hard cluster fraction; U.max = mean top membership (1/k is uniform); U<.3 = fraction of nodes with top membership <0.3;
  comm/n = mean communities per node in the overlap view (threshold 0.2 + argmax); predSz = median predicted community size / n;
  sep = min centre distance / within-cluster RMS; alpha = mean content weight.

2. Which block carries the signal (means over seeds)
----------------------------------------------------------------------------------------------------------------------
dataset               varShare_c     pdist_c     pdist_s    eta2_c_w    eta2_s_w  eta2_fused  eta2_c_raw     cca_dim
crisismmd@r0.02            0.586       1.033       0.823       0.174       0.922       0.484       0.169       8.000
crisismmd@r0.1             0.585       1.033       0.863       0.174       0.599       0.350       0.169       8.000
crisismmd@r0.25            0.584       1.033       0.876       0.174       0.214       0.190       0.169       8.000
crisismmd@r0.5             0.584       1.033       0.877       0.174       0.019       0.110       0.169       8.000
crisismmd@r1.0             0.584       1.033       0.877       0.174       0.007       0.104       0.169       8.000
fakeddit@r0.02             0.565       1.016       0.848       0.147       0.907       0.478       0.147       8.000
fakeddit@r0.1              0.564       1.016       0.882       0.147       0.533       0.316       0.147       8.000
fakeddit@r0.25             0.562       1.016       0.893       0.147       0.189       0.165       0.147       8.000
fakeddit@r0.5              0.561       1.016       0.894       0.147       0.025       0.094       0.147       8.000
fakeddit@r1.0              0.561       1.016       0.894       0.147       0.006       0.085       0.147       8.000
crisismmd                  0.585       1.033       0.850       0.174       0.721       0.401       0.169       8.000
fakeddit                   0.565       1.016       0.868       0.147       0.767       0.417       0.147       8.000
  varShare_c = variance share of the (alpha-weighted) content block in the fused vector; pdist = mean pairwise distance in each weighted block;
  eta2 = between-true-community variance fraction of the block (label signal available to a clustering of that block).

3. Single-block ceilings (FCM m=1.5, same k) vs fused default, LFK ONMI (overlap view)
--------------------------------------------------------------------------------------
method                              crisismmd@r0.25       crisismmd@r0.5       crisismmd@r1.0       fakeddit@r0.25        fakeddit@r0.5        fakeddit@r1.0
ceil:content_cca                       0.101+-0.012         0.101+-0.012         0.101+-0.012         0.045+-0.006         0.045+-0.006         0.045+-0.006
ceil:content_cca_weighted              0.066+-0.040         0.066+-0.040         0.066+-0.040         0.043+-0.014         0.043+-0.014         0.043+-0.014
ceil:raw_text                          0.180+-0.047         0.180+-0.047         0.180+-0.047         0.025+-0.011         0.025+-0.011         0.025+-0.011
ceil:raw_image                         0.002+-0.000         0.002+-0.000         0.002+-0.000         0.040+-0.020         0.040+-0.020         0.040+-0.020
ceil:raw_concat_pca16                  0.004+-0.000         0.004+-0.000         0.004+-0.000         0.115+-0.009         0.115+-0.009         0.115+-0.009
ceil:structure                         0.141+-0.015         0.001+-0.001         0.002+-0.002         0.188+-0.009         0.000+-0.000         0.000+-0.000
var:default                            0.079+-0.016         0.039+-0.017         0.034+-0.025         0.130+-0.028         0.031+-0.008         0.020+-0.011

3b. Same, ONMI of the HARD partition only (separates overlap thresholding from partition quality)
-------------------------------------------------------------------------------------------------
method                              crisismmd@r0.25       crisismmd@r0.5       crisismmd@r1.0       fakeddit@r0.25        fakeddit@r0.5        fakeddit@r1.0
ceil:content_cca                       0.101+-0.012         0.101+-0.012         0.101+-0.012         0.045+-0.006         0.045+-0.006         0.045+-0.006
ceil:content_cca_weighted              0.066+-0.040         0.066+-0.040         0.066+-0.040         0.043+-0.014         0.043+-0.014         0.043+-0.014
ceil:raw_text                          0.180+-0.047         0.180+-0.047         0.180+-0.047         0.025+-0.011         0.025+-0.011         0.025+-0.011
ceil:raw_image                         0.002+-0.000         0.002+-0.000         0.002+-0.000         0.040+-0.020         0.040+-0.020         0.040+-0.020
ceil:raw_concat_pca16                  0.004+-0.000         0.004+-0.000         0.004+-0.000         0.115+-0.009         0.115+-0.009         0.115+-0.009
ceil:structure                         0.121+-0.015         0.001+-0.001         0.002+-0.002         0.188+-0.009         0.000+-0.000         0.000+-0.000
var:default                            0.079+-0.016         0.039+-0.017         0.034+-0.025         0.130+-0.028         0.031+-0.008         0.020+-0.011

3c. Attribution: same fused features / blocks with k-means or lower FCM m (kceil = k-means, hard partition), LFK ONMI
---------------------------------------------------------------------------------------------------------------------
method                              crisismmd@r0.25       crisismmd@r0.5       crisismmd@r1.0       fakeddit@r0.25        fakeddit@r0.5        fakeddit@r1.0
var:default                            0.079+-0.016         0.039+-0.017         0.034+-0.025         0.130+-0.028         0.031+-0.008         0.020+-0.011
ceil:fused_m1.1                        0.280+-0.008         0.143+-0.011         0.145+-0.011         0.076+-0.006         0.033+-0.011         0.032+-0.004
ceil:fused_m1.2                        0.279+-0.002         0.150+-0.006         0.143+-0.005         0.113+-0.003         0.049+-0.006         0.048+-0.009
kceil:fused                            0.298+-0.022         0.164+-0.011         0.167+-0.013         0.069+-0.006         0.018+-0.003         0.010+-0.002
kceil:content_cca                      0.162+-0.012         0.162+-0.012         0.162+-0.012         0.016+-0.002         0.016+-0.002         0.016+-0.002
kceil:raw_pca16                        0.409+-0.001         0.409+-0.001         0.409+-0.001         0.111+-0.018         0.111+-0.018         0.111+-0.018
kceil:structure                        0.118+-0.012         0.000+-0.000         0.000+-0.000         0.105+-0.037         0.000+-0.000         0.000+-0.000
base:kmeans_content                    0.407+-0.011         0.407+-0.011         0.407+-0.011         0.072+-0.013         0.072+-0.013         0.072+-0.013

3d. Same, adjusted Rand index of the hard partition vs primary label
--------------------------------------------------------------------
method                              crisismmd@r0.25       crisismmd@r0.5       crisismmd@r1.0       fakeddit@r0.25        fakeddit@r0.5        fakeddit@r1.0
var:default                            0.160+-0.045         0.058+-0.028         0.078+-0.009         0.322+-0.075         0.232+-0.043         0.161+-0.054
ceil:fused_m1.1                        0.316+-0.022         0.141+-0.006         0.135+-0.002         0.231+-0.012         0.107+-0.004         0.089+-0.005
ceil:fused_m1.2                        0.317+-0.014         0.137+-0.004         0.139+-0.006         0.304+-0.019         0.180+-0.013         0.117+-0.013
kceil:fused                            0.327+-0.019         0.143+-0.004         0.134+-0.005         0.217+-0.028         0.112+-0.005         0.090+-0.006
kceil:content_cca                      0.132+-0.008         0.132+-0.008         0.132+-0.008         0.104+-0.007         0.104+-0.007         0.104+-0.007
kceil:raw_pca16                        0.408+-0.002         0.408+-0.002         0.408+-0.002         0.244+-0.002         0.244+-0.002         0.244+-0.002
kceil:structure                        0.254+-0.020         0.017+-0.006        -0.000+-0.002         0.253+-0.029         0.011+-0.003        -0.001+-0.001
base:kmeans_content                    0.418+-0.026         0.418+-0.026         0.418+-0.026         0.246+-0.004         0.246+-0.004         0.246+-0.004

4. Remedies vs baselines, crisismmd SBM sweep: LFK ONMI by p_out/p_in
---------------------------------------------------------------------
method                              crisismmd@r0.02       crisismmd@r0.1      crisismmd@r0.25       crisismmd@r0.5       crisismmd@r1.0
var:default                            0.718+-0.023         0.159+-0.030         0.079+-0.016         0.039+-0.017         0.034+-0.025
rem:raw_pca                            0.751+-0.022         0.529+-0.059         0.216+-0.012         0.008+-0.003         0.005+-0.002
rem:std_blocks                         0.673+-0.021         0.218+-0.077         0.067+-0.013         0.033+-0.019         0.039+-0.028
rem:raw_pca+std                        0.751+-0.022         0.530+-0.061         0.216+-0.012         0.008+-0.003         0.005+-0.002
rem:m1.2                               0.700+-0.077         0.536+-0.011         0.279+-0.002         0.150+-0.006         0.143+-0.005
rem:raw_pca+m1.2                       0.788+-0.011         0.571+-0.018         0.515+-0.003         0.103+-0.071         0.054+-0.072
rem:raw_pca+std+m1.2                   0.787+-0.012         0.571+-0.018         0.515+-0.003         0.103+-0.071         0.054+-0.072
base:spectral_graph+content            0.901+-0.007         0.856+-0.009         0.727+-0.066         0.563+-0.015         0.518+-0.006
base:kmeans_content                    0.407+-0.011         0.407+-0.011         0.407+-0.011         0.407+-0.011         0.407+-0.011
base:nfmcd_structure_only              0.873+-0.011         0.467+-0.014         0.141+-0.015         0.001+-0.001         0.002+-0.002
base:louvain                           0.675+-0.070         0.530+-0.101         0.052+-0.015         0.000+-0.000         0.000+-0.000

4. Remedies vs baselines, fakeddit SBM sweep: LFK ONMI by p_out/p_in
--------------------------------------------------------------------
method                               fakeddit@r0.02        fakeddit@r0.1       fakeddit@r0.25        fakeddit@r0.5        fakeddit@r1.0
var:default                            0.364+-0.081         0.202+-0.017         0.130+-0.028         0.031+-0.008         0.020+-0.011
rem:raw_pca                            0.443+-0.010         0.202+-0.042         0.214+-0.030         0.086+-0.005         0.083+-0.004
rem:std_blocks                         0.328+-0.019         0.222+-0.023         0.113+-0.012         0.033+-0.005         0.028+-0.007
rem:raw_pca+std                        0.415+-0.027         0.202+-0.043         0.214+-0.030         0.086+-0.005         0.083+-0.004
rem:m1.2                               0.703+-0.019         0.419+-0.010         0.113+-0.003         0.049+-0.006         0.048+-0.009
rem:raw_pca+m1.2                       0.675+-0.107         0.618+-0.023         0.232+-0.002         0.098+-0.010         0.085+-0.002
rem:raw_pca+std+m1.2                   0.734+-0.001         0.620+-0.022         0.238+-0.007         0.097+-0.005         0.084+-0.004
base:spectral_graph+content            0.716+-0.019         0.539+-0.008         0.305+-0.010         0.102+-0.004         0.054+-0.005
base:kmeans_content                    0.072+-0.013         0.072+-0.013         0.072+-0.013         0.072+-0.013         0.072+-0.013
base:nfmcd_structure_only              0.948+-0.011         0.602+-0.036         0.188+-0.009         0.000+-0.000         0.000+-0.000
base:louvain                           0.787+-0.090         0.502+-0.014         0.042+-0.013         0.000+-0.000         0.000+-0.000

5. Remedies on leaky / real graphs, PHEME, DBLP, Amazon: LFK ONMI
-----------------------------------------------------------------
method                                    crisismmd             fakeddit   fakeddit_real_full    fakeddit_real_lcc                pheme                 dblp               amazon
var:default                            0.609+-0.016         0.308+-0.053         0.039+-0.008         0.126+-0.019         0.005+-0.007         0.670+-0.000         0.554+-0.000
rem:raw_pca                            0.649+-0.064         0.349+-0.056         0.042+-0.012         0.111+-0.012         0.004+-0.006         0.670+-0.000         0.554+-0.000
rem:std_blocks                         0.425+-0.107         0.269+-0.011         0.033+-0.009         0.126+-0.007         0.005+-0.007         0.670+-0.000         0.554+-0.000
rem:raw_pca+std                        0.649+-0.064         0.339+-0.044         0.033+-0.016         0.104+-0.014         0.004+-0.006         0.670+-0.000         0.554+-0.000
rem:m1.2                               0.562+-0.009         0.608+-0.054         0.026+-0.013         0.218+-0.018         0.008+-0.006         0.643+-0.044         0.515+-0.029
rem:raw_pca+m1.2                       0.589+-0.001         0.754+-0.062         0.095+-0.042         0.247+-0.018         0.005+-0.006         0.643+-0.044         0.515+-0.029
rem:raw_pca+std+m1.2                   0.589+-0.001         0.754+-0.062         0.043+-0.006         0.239+-0.017         0.005+-0.006         0.643+-0.044         0.515+-0.029
base:spectral_graph+content            0.879+-0.000         0.554+-0.004         0.250+-0.000         0.523+-0.000         0.373+-0.001         0.630+-0.019         0.619+-0.000
base:kmeans_content                    0.407+-0.011         0.072+-0.013         0.145+-0.016         0.253+-0.005         0.109+-0.018                  n/a                  n/a
base:nfmcd_structure_only              0.589+-0.030         0.823+-0.007         0.027+-0.012         0.215+-0.003         0.004+-0.006         0.670+-0.000         0.554+-0.000
base:louvain                           0.556+-0.018         0.665+-0.026         0.101+-0.000         0.313+-0.000         0.000+-0.000         0.355+-0.005         0.373+-0.000

5b. Same, modularity
--------------------
method                                    crisismmd             fakeddit   fakeddit_real_full    fakeddit_real_lcc                pheme                 dblp               amazon
var:default                            0.520+-0.006         0.297+-0.014         0.201+-0.043         0.546+-0.005         0.859+-0.005         0.848+-0.000         0.717+-0.000
rem:raw_pca                            0.498+-0.029         0.339+-0.033         0.410+-0.027         0.503+-0.035         0.830+-0.023         0.848+-0.000         0.717+-0.000
rem:std_blocks                         0.483+-0.021         0.289+-0.030         0.296+-0.017         0.575+-0.037         0.859+-0.001         0.848+-0.000         0.717+-0.000
rem:raw_pca+std                        0.498+-0.029         0.339+-0.034         0.415+-0.058         0.479+-0.031         0.828+-0.025         0.848+-0.000         0.717+-0.000
rem:m1.2                               0.370+-0.004         0.292+-0.013         0.465+-0.059         0.751+-0.011         0.871+-0.009         0.842+-0.008         0.713+-0.008
rem:raw_pca+m1.2                       0.380+-0.001         0.352+-0.033         0.560+-0.100         0.762+-0.004         0.870+-0.005         0.842+-0.008         0.713+-0.008
rem:raw_pca+std+m1.2                   0.380+-0.001         0.352+-0.033         0.627+-0.030         0.764+-0.002         0.870+-0.005         0.842+-0.008         0.713+-0.008
base:spectral_graph+content            0.517+-0.000         0.365+-0.002         0.629+-0.000         0.619+-0.000         0.375+-0.002         0.826+-0.002         0.714+-0.000
base:kmeans_content                    0.207+-0.009         0.128+-0.008         0.269+-0.012         0.360+-0.025         0.283+-0.011                  n/a                  n/a
base:nfmcd_structure_only              0.491+-0.018         0.395+-0.031         0.844+-0.005         0.768+-0.001         0.879+-0.003         0.848+-0.000         0.717+-0.000
base:louvain                           0.536+-0.001         0.450+-0.001         0.941+-0.000         0.911+-0.000         0.984+-0.000         0.920+-0.000         0.757+-0.000

5c. Same, membership F1
-----------------------
method                                    crisismmd             fakeddit   fakeddit_real_full    fakeddit_real_lcc                pheme                 dblp               amazon
var:default                            0.667+-0.114         0.253+-0.043         0.150+-0.003         0.264+-0.032         0.267+-0.013         0.733+-0.000         0.797+-0.000
rem:raw_pca                            0.718+-0.032         0.290+-0.013         0.184+-0.017         0.150+-0.014         0.257+-0.033         0.733+-0.000         0.797+-0.000
rem:std_blocks                         0.501+-0.154         0.224+-0.037         0.144+-0.021         0.286+-0.022         0.273+-0.005         0.733+-0.000         0.797+-0.000
rem:raw_pca+std                        0.718+-0.032         0.292+-0.011         0.117+-0.020         0.164+-0.026         0.294+-0.034         0.733+-0.000         0.797+-0.000
rem:m1.2                               0.626+-0.009         0.640+-0.047         0.232+-0.014         0.388+-0.018         0.249+-0.003         0.717+-0.023         0.742+-0.014
rem:raw_pca+m1.2                       0.609+-0.001         0.796+-0.068         0.320+-0.019         0.428+-0.025         0.242+-0.008         0.717+-0.023         0.742+-0.014
rem:raw_pca+std+m1.2                   0.610+-0.001         0.796+-0.068         0.289+-0.021         0.426+-0.026         0.242+-0.009         0.717+-0.023         0.742+-0.014
base:spectral_graph+content            0.956+-0.000         0.710+-0.003         0.298+-0.000         0.619+-0.000         0.540+-0.001         0.736+-0.010         0.834+-0.000
base:kmeans_content                    0.575+-0.020         0.285+-0.017         0.330+-0.030         0.361+-0.012         0.321+-0.017                  n/a                  n/a
base:nfmcd_structure_only              0.727+-0.021         0.857+-0.037         0.213+-0.023         0.362+-0.016         0.238+-0.012         0.733+-0.000         0.797+-0.000
base:louvain                           0.710+-0.014         0.900+-0.013         0.305+-0.001         0.628+-0.000         0.264+-0.003         0.642+-0.009         0.694+-0.000

5d. Sweep modularity (selected ratios)
--------------------------------------
method                              crisismmd@r0.02       crisismmd@r0.5       crisismmd@r1.0       fakeddit@r0.02        fakeddit@r0.5        fakeddit@r1.0
var:default                            0.583+-0.084         0.025+-0.004         0.019+-0.010         0.324+-0.030         0.032+-0.004         0.002+-0.003
rem:raw_pca                            0.451+-0.010         0.014+-0.010         0.006+-0.006         0.379+-0.009         0.062+-0.007         0.004+-0.001
rem:std_blocks                         0.636+-0.005         0.019+-0.007         0.013+-0.010         0.328+-0.007         0.030+-0.001         0.005+-0.001
rem:raw_pca+std                        0.451+-0.010         0.014+-0.010         0.006+-0.006         0.343+-0.021         0.063+-0.007         0.004+-0.001
rem:m1.2                               0.519+-0.043         0.023+-0.013         0.013+-0.011         0.386+-0.033         0.041+-0.007         0.009+-0.002
rem:raw_pca+m1.2                       0.557+-0.009         0.020+-0.013         0.005+-0.009         0.365+-0.064         0.059+-0.005         0.002+-0.001
rem:raw_pca+std+m1.2                   0.557+-0.009         0.020+-0.013         0.005+-0.009         0.354+-0.010         0.059+-0.005         0.002+-0.001
base:spectral_graph+content            0.642+-0.001         0.102+-0.003         0.031+-0.005         0.470+-0.005         0.061+-0.006         0.041+-0.003
base:kmeans_content                    0.251+-0.019         0.049+-0.008        -0.001+-0.003         0.143+-0.008         0.031+-0.002         0.004+-0.004
base:nfmcd_structure_only              0.654+-0.004         0.183+-0.009         0.183+-0.007         0.511+-0.002         0.145+-0.001         0.149+-0.001
base:louvain                           0.656+-0.002         0.251+-0.005         0.254+-0.001         0.511+-0.002         0.196+-0.001         0.197+-0.002

6. Remedy minus default (ONMI, mean over seeds; positive = better)
----------------------------------------------------------------------
dataset                        raw_pca      std_blocks     raw_pca+std            m1.2    raw_pca+m1.2raw_pca+std+m1.2
crisismmd@r0.02                 +0.033          -0.044          +0.033          -0.018          +0.070          +0.069
crisismmd@r0.1                  +0.371          +0.059          +0.371          +0.378          +0.412          +0.412
crisismmd@r0.25                 +0.136          -0.012          +0.136          +0.200          +0.436          +0.436
crisismmd@r0.5                  -0.031          -0.006          -0.031          +0.111          +0.063          +0.063
crisismmd@r1.0                  -0.029          +0.005          -0.029          +0.109          +0.020          +0.020
fakeddit@r0.02                  +0.079          -0.036          +0.051          +0.339          +0.312          +0.370
fakeddit@r0.1                   -0.000          +0.020          +0.000          +0.217          +0.416          +0.418
fakeddit@r0.25                  +0.084          -0.017          +0.084          -0.017          +0.102          +0.108
fakeddit@r0.5                   +0.055          +0.002          +0.055          +0.018          +0.067          +0.066
fakeddit@r1.0                   +0.063          +0.008          +0.063          +0.028          +0.065          +0.064
crisismmd                       +0.040          -0.184          +0.040          -0.047          -0.020          -0.020
fakeddit                        +0.041          -0.039          +0.030          +0.299          +0.446          +0.446
fakeddit_real_full              +0.003          -0.007          -0.006          -0.014          +0.056          +0.004
fakeddit_real_lcc               -0.015          +0.001          -0.022          +0.093          +0.122          +0.114
pheme                           -0.001          -0.000          -0.001          +0.003          -0.000          -0.000
dblp                            +0.000          +0.000          +0.000          -0.027          -0.027          -0.027
amazon                          +0.000          +0.000          +0.000          -0.038          -0.038          -0.038
