Factor-sweep performance surface: LFK ONMI (mean+-sd over seeds) vs. cross-modal agreement x missingness, at two structure/content regimes.
n_nodes=320, n_communities=4, 5 seeds/cell. Total finished rows: 1500
agreement = 1 - misalignment_rate; missingness = fraction of nodes losing one modality (MCAR).
====================================================================================================


### regime = strong_struct_weak_content  (cfg={'p_in': 0.22, 'p_out': 0.02, 'text_scale': 0.35, 'image_scale': 0.35, 'noise_scale': 1.0})

structure_only
  agreement\miss            0.0           0.2           0.4           0.6           0.8
             0.9    0.986+-0.01   0.986+-0.01   0.986+-0.01   0.986+-0.01   0.986+-0.01
             0.7    0.986+-0.01   0.986+-0.01   0.986+-0.01   0.986+-0.01   0.986+-0.01
             0.5    0.986+-0.01   0.986+-0.01   0.986+-0.01   0.986+-0.01   0.986+-0.01
             0.3    0.986+-0.01   0.986+-0.01   0.986+-0.01   0.986+-0.01   0.986+-0.01
             0.1    0.986+-0.01   0.986+-0.01   0.986+-0.01   0.986+-0.01   0.986+-0.01

content_only
  agreement\miss            0.0           0.2           0.4           0.6           0.8
             0.9    0.000+-0.00   0.000+-0.00   0.000+-0.00   0.000+-0.00   0.000+-0.00
             0.7    0.000+-0.00   0.000+-0.00   0.000+-0.00   0.000+-0.00   0.000+-0.00
             0.5    0.000+-0.00   0.000+-0.00   0.000+-0.00   0.000+-0.00   0.000+-0.00
             0.3    0.000+-0.00   0.000+-0.00   0.000+-0.00   0.000+-0.00   0.000+-0.00
             0.1    0.000+-0.00   0.000+-0.00   0.000+-0.00   0.000+-0.00   0.000+-0.00

simple_concat
  agreement\miss            0.0           0.2           0.4           0.6           0.8
             0.9    0.000+-0.00   0.000+-0.00   0.000+-0.00   0.147+-0.29   0.705+-0.35
             0.7    0.000+-0.00   0.000+-0.00   0.000+-0.00   0.000+-0.00   0.522+-0.43
             0.5    0.000+-0.00   0.000+-0.00   0.000+-0.00   0.000+-0.00   0.344+-0.42
             0.3    0.000+-0.00   0.000+-0.00   0.000+-0.00   0.000+-0.00   0.483+-0.40
             0.1    0.000+-0.00   0.000+-0.00   0.000+-0.00   0.000+-0.00   0.504+-0.41

spectral_content
  agreement\miss            0.0           0.2           0.4           0.6           0.8
             0.9    0.993+-0.01   0.997+-0.01   0.993+-0.01   0.965+-0.03   0.975+-0.02
             0.7    1.000+-0.00   0.997+-0.01   0.990+-0.01   0.974+-0.01   0.966+-0.03
             0.5    1.000+-0.00   1.000+-0.00   0.997+-0.01   0.997+-0.01   0.984+-0.01
             0.3    1.000+-0.00   1.000+-0.00   1.000+-0.00   1.000+-0.00   0.997+-0.01
             0.1    1.000+-0.00   1.000+-0.00   1.000+-0.00   1.000+-0.00   0.997+-0.01

nfmcd_alpha_fixed
  agreement\miss            0.0           0.2           0.4           0.6           0.8
             0.9    0.985+-0.02   0.992+-0.01   0.985+-0.00   0.983+-0.01   0.981+-0.01
             0.7    0.939+-0.01   0.961+-0.01   0.967+-0.01   0.980+-0.01   0.982+-0.00
             0.5    0.916+-0.01   0.947+-0.02   0.963+-0.01   0.980+-0.01   0.981+-0.01
             0.3    0.920+-0.01   0.945+-0.01   0.960+-0.00   0.978+-0.00   0.984+-0.00
             0.1    0.914+-0.01   0.947+-0.01   0.962+-0.02   0.976+-0.01   0.984+-0.01

nfmcd_adaptive
  agreement\miss            0.0           0.2           0.4           0.6           0.8
             0.9    0.969+-0.01   0.982+-0.01   0.988+-0.01   0.984+-0.01   0.983+-0.01
             0.7    0.854+-0.02   0.935+-0.01   0.970+-0.01   0.982+-0.01   0.981+-0.00
             0.5    0.454+-0.37   0.915+-0.03   0.958+-0.01   0.976+-0.01   0.981+-0.01
             0.3    0.429+-0.35   0.896+-0.04   0.949+-0.01   0.971+-0.01   0.986+-0.01
             0.1    0.545+-0.28   0.908+-0.01   0.948+-0.01   0.975+-0.01   0.986+-0.01


### regime = weak_struct_strong_content  (cfg={'p_in': 0.055, 'p_out': 0.045, 'text_scale': 4.0, 'image_scale': 4.0, 'noise_scale': 1.0})

structure_only
  agreement\miss            0.0           0.2           0.4           0.6           0.8
             0.9    0.003+-0.00   0.003+-0.00   0.003+-0.00   0.003+-0.00   0.003+-0.00
             0.7    0.003+-0.00   0.003+-0.00   0.003+-0.00   0.003+-0.00   0.003+-0.00
             0.5    0.003+-0.00   0.003+-0.00   0.003+-0.00   0.003+-0.00   0.003+-0.00
             0.3    0.003+-0.00   0.003+-0.00   0.003+-0.00   0.003+-0.00   0.003+-0.00
             0.1    0.003+-0.00   0.003+-0.00   0.003+-0.00   0.003+-0.00   0.003+-0.00

content_only
  agreement\miss            0.0           0.2           0.4           0.6           0.8
             0.9    0.829+-0.02   0.817+-0.03   0.820+-0.05   0.785+-0.02   0.576+-0.04
             0.7    0.658+-0.02   0.607+-0.04   0.566+-0.03   0.558+-0.04   0.395+-0.06
             0.5    0.547+-0.01   0.487+-0.02   0.454+-0.03   0.350+-0.10   0.249+-0.07
             0.3    0.780+-0.33   0.438+-0.35   0.393+-0.20   0.151+-0.18   0.171+-0.10
             0.1    0.795+-0.40   0.291+-0.35   0.550+-0.05   0.082+-0.06   0.110+-0.06

simple_concat
  agreement\miss            0.0           0.2           0.4           0.6           0.8
             0.9    0.829+-0.02   0.783+-0.02   0.611+-0.08   0.000+-0.00   0.000+-0.00
             0.7    0.657+-0.02   0.329+-0.27   0.000+-0.00   0.000+-0.00   0.000+-0.00
             0.5    0.309+-0.25   0.000+-0.00   0.000+-0.00   0.000+-0.00   0.000+-0.00
             0.3    0.000+-0.00   0.000+-0.00   0.000+-0.00   0.000+-0.00   0.000+-0.00
             0.1    0.000+-0.00   0.000+-0.00   0.000+-0.00   0.000+-0.00   0.000+-0.00

spectral_content
  agreement\miss            0.0           0.2           0.4           0.6           0.8
             0.9    0.823+-0.05   0.836+-0.09   0.845+-0.08   0.797+-0.04   0.798+-0.03
             0.7    0.643+-0.11   0.660+-0.12   0.626+-0.06   0.588+-0.05   0.552+-0.02
             0.5    0.553+-0.07   0.546+-0.05   0.516+-0.08   0.466+-0.06   0.379+-0.04
             0.3    0.306+-0.11   0.442+-0.22   0.444+-0.08   0.314+-0.13   0.281+-0.09
             0.1    0.310+-0.12   0.433+-0.07   0.443+-0.14   0.318+-0.09   0.283+-0.06

nfmcd_alpha_fixed
  agreement\miss            0.0           0.2           0.4           0.6           0.8
             0.9    0.000+-0.00   0.012+-0.01   0.008+-0.00   0.008+-0.00   0.004+-0.00
             0.7    0.000+-0.00   0.009+-0.01   0.009+-0.00   0.007+-0.00   0.004+-0.00
             0.5    0.000+-0.00   0.008+-0.01   0.007+-0.00   0.004+-0.00   0.003+-0.00
             0.3    0.000+-0.00   0.008+-0.01   0.007+-0.00   0.005+-0.00   0.003+-0.00
             0.1    0.000+-0.00   0.014+-0.01   0.007+-0.00   0.005+-0.00   0.004+-0.01

nfmcd_adaptive
  agreement\miss            0.0           0.2           0.4           0.6           0.8
             0.9    0.000+-0.00   0.000+-0.00   0.009+-0.00   0.007+-0.01   0.004+-0.00
             0.7    0.000+-0.00   0.000+-0.00   0.009+-0.00   0.006+-0.01   0.003+-0.00
             0.5    0.000+-0.00   0.000+-0.00   0.007+-0.00   0.005+-0.00   0.001+-0.00
             0.3    0.000+-0.00   0.000+-0.00   0.008+-0.00   0.004+-0.00   0.003+-0.00
             0.1    0.000+-0.00   0.000+-0.00   0.008+-0.00   0.004+-0.00   0.005+-0.01


### Who wins each cell (highest mean ONMI), by regime
====================================================================================================

strong_struct_weak_content
  agreement\miss            0.0           0.2           0.4           0.6           0.8
             0.9   spectral_con  spectral_con  spectral_con  structure_on  structure_on
             0.7   spectral_con  spectral_con  spectral_con  structure_on  structure_on
             0.5   spectral_con  spectral_con  spectral_con  spectral_con  structure_on
             0.3   spectral_con  spectral_con  spectral_con  spectral_con  spectral_con
             0.1   spectral_con  spectral_con  spectral_con  spectral_con  spectral_con

weak_struct_strong_content
  agreement\miss            0.0           0.2           0.4           0.6           0.8
             0.9   content_only  spectral_con  spectral_con  spectral_con  spectral_con
             0.7   content_only  spectral_con  spectral_con  spectral_con  spectral_con
             0.5   spectral_con  spectral_con  spectral_con  spectral_con  spectral_con
             0.3   content_only  spectral_con  spectral_con  spectral_con  spectral_con
             0.1   content_only  spectral_con  content_only  spectral_con  spectral_con


### Modularity surface for nfmcd_adaptive vs nfmcd_alpha_fixed (does adaptive alpha earn its keep?)
====================================================================================================

strong_struct_weak_content: mean ONMI(adaptive) - mean ONMI(fixed-0.5), positive = adaptive wins
  agreement\miss        0.0       0.2       0.4       0.6       0.8
             0.9     -0.016    -0.010    +0.003    +0.001    +0.001
             0.7     -0.085    -0.026    +0.002    +0.001    -0.001
             0.5     -0.462    -0.032    -0.005    -0.004    +0.001
             0.3     -0.491    -0.049    -0.011    -0.007    +0.002
             0.1     -0.369    -0.039    -0.014    -0.001    +0.002

weak_struct_strong_content: mean ONMI(adaptive) - mean ONMI(fixed-0.5), positive = adaptive wins
  agreement\miss        0.0       0.2       0.4       0.6       0.8
             0.9     +0.000    -0.012    +0.000    -0.001    -0.001
             0.7     +0.000    -0.009    +0.000    -0.001    -0.001
             0.5     +0.000    -0.008    -0.000    +0.001    -0.002
             0.3     +0.000    -0.008    +0.001    -0.001    +0.000
             0.1     +0.000    -0.014    +0.001    -0.001    +0.001
