Overlap follow-up: does giving overlap REAL signal (blend_strength) change detection?
n_nodes=300, k=5, 5 seeds. blend_strength=0.0 reproduces run_overlap.py's Part A
(sanity check at the bottom).
====================================================================================================


overlap_rate=0.1
----------------------------------------------------------------------------------------------------

  blend_strength=0.0  (observed true overlap rate: 0.079)
  method                 AUROC      AP best_thr  best_F1  F1@0.2  2nd-acc  primary_ONMI
  nfmcd_default          0.483   0.097    0.070    0.150   0.029    0.224         0.859
  nfmcd_robust           0.507   0.104    0.050    0.112   0.015    0.156         0.867
  demon                      -       -        -    0.151       -        -             -
  slpa                       -       -        -    0.025       -        -             -
  always_overlap             -       -        -    0.147       -        -             -
  always_no_overlap          -       -        -    0.000       -        -             -

  blend_strength=0.3  (observed true overlap rate: 0.079)
  method                 AUROC      AP best_thr  best_F1  F1@0.2  2nd-acc  primary_ONMI
  nfmcd_default          0.629   0.189    0.090    0.214   0.084    0.599         0.860
  nfmcd_robust           0.615   0.177    0.080    0.191   0.059    0.737         0.865
  demon                      -       -        -    0.148       -        -             -
  slpa                       -       -        -    0.081       -        -             -
  always_overlap             -       -        -    0.147       -        -             -
  always_no_overlap          -       -        -    0.000       -        -             -

  blend_strength=0.5  (observed true overlap rate: 0.079)
  method                 AUROC      AP best_thr  best_F1  F1@0.2  2nd-acc  primary_ONMI
  nfmcd_default          0.742   0.362    0.140    0.359   0.256    0.730         0.871
  nfmcd_robust           0.732   0.287    0.130    0.266   0.193    0.850         0.878
  demon                      -       -        -    0.155       -        -             -
  slpa                       -       -        -    0.007       -        -             -
  always_overlap             -       -        -    0.147       -        -             -
  always_no_overlap          -       -        -    0.000       -        -             -

  blend_strength=0.7  (observed true overlap rate: 0.079)
  method                 AUROC      AP best_thr  best_F1  F1@0.2  2nd-acc  primary_ONMI
  nfmcd_default          0.819   0.491    0.160    0.494   0.417    0.714         0.871
  nfmcd_robust           0.836   0.460    0.120    0.415   0.300    0.832         0.881
  demon                      -       -        -    0.155       -        -             -
  slpa                       -       -        -    0.027       -        -             -
  always_overlap             -       -        -    0.147       -        -             -
  always_no_overlap          -       -        -    0.000       -        -             -

  blend_strength=1.0  (observed true overlap rate: 0.079)
  method                 AUROC      AP best_thr  best_F1  F1@0.2  2nd-acc  primary_ONMI
  nfmcd_default          0.893   0.611    0.160    0.632   0.558    0.635         0.877
  nfmcd_robust           0.941   0.694    0.140    0.651   0.537    0.732         0.896
  demon                      -       -        -    0.116       -        -             -
  slpa                       -       -        -    0.018       -        -             -
  always_overlap             -       -        -    0.147       -        -             -
  always_no_overlap          -       -        -    0.000       -        -             -


overlap_rate=0.2
----------------------------------------------------------------------------------------------------

  blend_strength=0.0  (observed true overlap rate: 0.165)
  method                 AUROC      AP best_thr  best_F1  F1@0.2  2nd-acc  primary_ONMI
  nfmcd_default          0.503   0.176    0.050    0.263   0.015    0.218         0.762
  nfmcd_robust           0.510   0.186    0.050    0.164   0.007    0.202         0.770
  demon                      -       -        -    0.275       -        -             -
  slpa                       -       -        -    0.065       -        -             -
  always_overlap             -       -        -    0.283       -        -             -
  always_no_overlap          -       -        -    0.000       -        -             -

  blend_strength=0.3  (observed true overlap rate: 0.165)
  method                 AUROC      AP best_thr  best_F1  F1@0.2  2nd-acc  primary_ONMI
  nfmcd_default          0.649   0.285    0.080    0.329   0.109    0.581         0.771
  nfmcd_robust           0.614   0.270    0.050    0.293   0.035    0.744         0.775
  demon                      -       -        -    0.286       -        -             -
  slpa                       -       -        -    0.053       -        -             -
  always_overlap             -       -        -    0.283       -        -             -
  always_no_overlap          -       -        -    0.000       -        -             -

  blend_strength=0.5  (observed true overlap rate: 0.165)
  method                 AUROC      AP best_thr  best_F1  F1@0.2  2nd-acc  primary_ONMI
  nfmcd_default          0.750   0.443    0.110    0.447   0.280    0.681         0.764
  nfmcd_robust           0.736   0.404    0.050    0.378   0.185    0.837         0.785
  demon                      -       -        -    0.285       -        -             -
  slpa                       -       -        -    0.025       -        -             -
  always_overlap             -       -        -    0.283       -        -             -
  always_no_overlap          -       -        -    0.000       -        -             -

  blend_strength=0.7  (observed true overlap rate: 0.165)
  method                 AUROC      AP best_thr  best_F1  F1@0.2  2nd-acc  primary_ONMI
  nfmcd_default          0.821   0.551    0.140    0.529   0.455    0.695         0.776
  nfmcd_robust           0.830   0.539    0.070    0.502   0.338    0.824         0.787
  demon                      -       -        -    0.284       -        -             -
  slpa                       -       -        -    0.000       -        -             -
  always_overlap             -       -        -    0.283       -        -             -
  always_no_overlap          -       -        -    0.000       -        -             -

  blend_strength=1.0  (observed true overlap rate: 0.165)
  method                 AUROC      AP best_thr  best_F1  F1@0.2  2nd-acc  primary_ONMI
  nfmcd_default          0.888   0.662    0.160    0.635   0.613    0.568         0.803
  nfmcd_robust           0.930   0.763    0.120    0.680   0.614    0.633         0.833
  demon                      -       -        -    0.223       -        -             -
  slpa                       -       -        -    0.065       -        -             -
  always_overlap             -       -        -    0.283       -        -             -
  always_no_overlap          -       -        -    0.000       -        -             -


overlap_rate=0.3
----------------------------------------------------------------------------------------------------

  blend_strength=0.0  (observed true overlap rate: 0.225)
  method                 AUROC      AP best_thr  best_F1  F1@0.2  2nd-acc  primary_ONMI
  nfmcd_default          0.530   0.261    0.050    0.343   0.023    0.234         0.710
  nfmcd_robust           0.504   0.248    0.050    0.187   0.006    0.230         0.726
  demon                      -       -        -    0.358       -        -             -
  slpa                       -       -        -    0.070       -        -             -
  always_overlap             -       -        -    0.367       -        -             -
  always_no_overlap          -       -        -    0.000       -        -             -

  blend_strength=0.3  (observed true overlap rate: 0.225)
  method                 AUROC      AP best_thr  best_F1  F1@0.2  2nd-acc  primary_ONMI
  nfmcd_default          0.663   0.400    0.070    0.431   0.118    0.575         0.715
  nfmcd_robust           0.618   0.339    0.050    0.313   0.052    0.712         0.726
  demon                      -       -        -    0.370       -        -             -
  slpa                       -       -        -    0.066       -        -             -
  always_overlap             -       -        -    0.367       -        -             -
  always_no_overlap          -       -        -    0.000       -        -             -

  blend_strength=0.5  (observed true overlap rate: 0.225)
  method                 AUROC      AP best_thr  best_F1  F1@0.2  2nd-acc  primary_ONMI
  nfmcd_default          0.769   0.534    0.100    0.509   0.268    0.659         0.732
  nfmcd_robust           0.723   0.467    0.050    0.424   0.164    0.836         0.735
  demon                      -       -        -    0.368       -        -             -
  slpa                       -       -        -    0.133       -        -             -
  always_overlap             -       -        -    0.367       -        -             -
  always_no_overlap          -       -        -    0.000       -        -             -

  blend_strength=0.7  (observed true overlap rate: 0.225)
  method                 AUROC      AP best_thr  best_F1  F1@0.2  2nd-acc  primary_ONMI
  nfmcd_default          0.840   0.665    0.130    0.588   0.493    0.679         0.745
  nfmcd_robust           0.831   0.631    0.070    0.546   0.354    0.851         0.755
  demon                      -       -        -    0.368       -        -             -
  slpa                       -       -        -    0.000       -        -             -
  always_overlap             -       -        -    0.367       -        -             -
  always_no_overlap          -       -        -    0.000       -        -             -

  blend_strength=1.0  (observed true overlap rate: 0.225)
  method                 AUROC      AP best_thr  best_F1  F1@0.2  2nd-acc  primary_ONMI
  nfmcd_default          0.895   0.720    0.140    0.665   0.629    0.570         0.767
  nfmcd_robust           0.915   0.774    0.110    0.683   0.607    0.657         0.797
  demon                      -       -        -    0.368       -        -             -
  slpa                       -       -        -    0.057       -        -             -
  always_overlap             -       -        -    0.367       -        -             -
  always_no_overlap          -       -        -    0.000       -        -             -


overlap_rate=0.4
----------------------------------------------------------------------------------------------------

  blend_strength=0.0  (observed true overlap rate: 0.317)
  method                 AUROC      AP best_thr  best_F1  F1@0.2  2nd-acc  primary_ONMI
  nfmcd_default          0.498   0.319    0.050    0.423   0.012    0.246         0.644
  nfmcd_robust           0.501   0.322    0.050    0.215   0.000    0.268         0.658
  demon                      -       -        -    0.470       -        -             -
  slpa                       -       -        -    0.088       -        -             -
  always_overlap             -       -        -    0.482       -        -             -
  always_no_overlap          -       -        -    0.000       -        -             -

  blend_strength=0.3  (observed true overlap rate: 0.317)
  method                 AUROC      AP best_thr  best_F1  F1@0.2  2nd-acc  primary_ONMI
  nfmcd_default          0.658   0.463    0.050    0.509   0.137    0.595         0.644
  nfmcd_robust           0.634   0.432    0.050    0.376   0.052    0.686         0.649
  demon                      -       -        -    0.483       -        -             -
  slpa                       -       -        -    0.080       -        -             -
  always_overlap             -       -        -    0.482       -        -             -
  always_no_overlap          -       -        -    0.000       -        -             -

  blend_strength=0.5  (observed true overlap rate: 0.317)
  method                 AUROC      AP best_thr  best_F1  F1@0.2  2nd-acc  primary_ONMI
  nfmcd_default          0.765   0.594    0.090    0.587   0.288    0.688         0.651
  nfmcd_robust           0.742   0.551    0.050    0.506   0.128    0.783         0.660
  demon                      -       -        -    0.481       -        -             -
  slpa                       -       -        -    0.083       -        -             -
  always_overlap             -       -        -    0.482       -        -             -
  always_no_overlap          -       -        -    0.000       -        -             -

  blend_strength=0.7  (observed true overlap rate: 0.317)
  method                 AUROC      AP best_thr  best_F1  F1@0.2  2nd-acc  primary_ONMI
  nfmcd_default          0.823   0.698    0.110    0.651   0.501    0.702         0.683
  nfmcd_robust           0.827   0.681    0.060    0.625   0.360    0.791         0.687
  demon                      -       -        -    0.482       -        -             -
  slpa                       -       -        -    0.146       -        -             -
  always_overlap             -       -        -    0.482       -        -             -
  always_no_overlap          -       -        -    0.000       -        -             -

  blend_strength=1.0  (observed true overlap rate: 0.317)
  method                 AUROC      AP best_thr  best_F1  F1@0.2  2nd-acc  primary_ONMI
  nfmcd_default          0.885   0.781    0.150    0.736   0.669    0.582         0.711
  nfmcd_robust           0.924   0.832    0.070    0.764   0.614    0.626         0.737
  demon                      -       -        -    0.384       -        -             -
  slpa                       -       -        -    0.063       -        -             -
  always_overlap             -       -        -    0.482       -        -             -
  always_no_overlap          -       -        -    0.000       -        -             -


Primary-assignment cost of injecting real overlap (nfmcd_default), ONMI vs blend_strength
====================================================================================================

overlap_rate=0.1
  blend=0.0: primary_onmi=0.859 (sd 0.011)  primary_f1=0.959
  blend=0.3: primary_onmi=0.860 (sd 0.011)  primary_f1=0.960
  blend=0.5: primary_onmi=0.871 (sd 0.015)  primary_f1=0.964
  blend=0.7: primary_onmi=0.871 (sd 0.016)  primary_f1=0.966
  blend=1.0: primary_onmi=0.877 (sd 0.026)  primary_f1=0.968

overlap_rate=0.2
  blend=0.0: primary_onmi=0.762 (sd 0.024)  primary_f1=0.920
  blend=0.3: primary_onmi=0.771 (sd 0.023)  primary_f1=0.924
  blend=0.5: primary_onmi=0.764 (sd 0.023)  primary_f1=0.927
  blend=0.7: primary_onmi=0.776 (sd 0.011)  primary_f1=0.935
  blend=1.0: primary_onmi=0.803 (sd 0.027)  primary_f1=0.946

overlap_rate=0.3
  blend=0.0: primary_onmi=0.710 (sd 0.008)  primary_f1=0.895
  blend=0.3: primary_onmi=0.715 (sd 0.011)  primary_f1=0.900
  blend=0.5: primary_onmi=0.732 (sd 0.012)  primary_f1=0.910
  blend=0.7: primary_onmi=0.745 (sd 0.009)  primary_f1=0.923
  blend=1.0: primary_onmi=0.767 (sd 0.015)  primary_f1=0.934

overlap_rate=0.4
  blend=0.0: primary_onmi=0.644 (sd 0.008)  primary_f1=0.859
  blend=0.3: primary_onmi=0.644 (sd 0.017)  primary_f1=0.866
  blend=0.5: primary_onmi=0.651 (sd 0.010)  primary_f1=0.876
  blend=0.7: primary_onmi=0.683 (sd 0.031)  primary_f1=0.898
  blend=1.0: primary_onmi=0.711 (sd 0.009)  primary_f1=0.915


Sanity check: blend_strength=0.0 here vs run_overlap.py's original Part A (should match)
====================================================================================================
  rate=0.1: here AUROC=0.483  original run_overlap.py AUROC=0.483
  rate=0.2: here AUROC=0.503  original run_overlap.py AUROC=0.503
  rate=0.3: here AUROC=0.530  original run_overlap.py AUROC=0.530
  rate=0.4: here AUROC=0.498  original run_overlap.py AUROC=0.498
