PCA rank cap sweep: LFK ONMI unless stated; k = ground-truth count; mean of setting means (3 seeds; 5 for injected mismatches)
Groups: orig = crisismmd, fakeddit | pheme = text-only control | real = real-relations Fakeddit (2) | sweep = homophily sweep (10) | miss = missing-modality both p{0,.4,.8} (6) | mis = injected mismatches q>0 (9)
rank = n_paired // pca_rank_div (div 4 = default, div 2 = looser, div 64 = tight)

NOTE on coverage: a config is skipped where rank = max(2, n_paired//div) < common_dim (few pairs left).
  common_dim=4: ranks compared = div [2, 4, 8, 16, 32, 64]; 29 of 32 non-PHEME settings feasible for all of them (tables below use only those, so every row covers the same settings)
  common_dim=8: ranks compared = div [2, 4, 8, 16, 32, 64]; 28 of 32 non-PHEME settings feasible for all of them (tables below use only those, so every row covers the same settings)
  common_dim=16: ranks compared = div [2, 4, 8, 16, 32]; 28 of 32 non-PHEME settings feasible for all of them (tables below use only those, so every row covers the same settings); div [64] dropped (too many skips)

Table 1 (common_dim=4): ONMI by pca_rank_div and setting group
 div    orig   pheme    real   sweep    miss     mis  all(non-PHEME)  d vs div4
   2   0.040    n/a    0.008   0.031   0.208   0.010           0.059     -0.168
   4   0.287    n/a    0.105   0.151   0.401   0.193           0.227     +0.000
   8   0.552    n/a    0.146   0.244   0.459   0.364           0.353     +0.126
  16   0.579    n/a    0.146   0.261   0.447   0.457           0.378     +0.150
  32   0.572    n/a    0.148   0.287   0.437   0.484           0.386     +0.158
  64   0.636    n/a    0.136   0.298   0.461   0.492           0.405     +0.177

Table 1 (common_dim=8): ONMI by pca_rank_div and setting group
 div    orig   pheme    real   sweep    miss     mis  all(non-PHEME)  d vs div4
   2   0.168    n/a    0.040   0.087   0.118   0.155           0.114     -0.162
   4   0.459    n/a    0.083   0.178   0.367   0.292           0.276     +0.000
   8   0.576    n/a    0.122   0.279   0.463   0.422           0.373     +0.097
  16   0.735    n/a    0.115   0.292   0.462   0.519           0.425     +0.149
  32   0.734    n/a    0.110   0.293   0.460   0.538           0.427     +0.151
  64   0.755    n/a    0.112   0.302   0.471   0.550           0.438     +0.162

Table 1 (common_dim=16): ONMI by pca_rank_div and setting group
 div    orig   pheme    real   sweep    miss     mis  all(non-PHEME)  d vs div4
   2   0.368    n/a    0.074   0.136   0.261   0.265           0.221     -0.019
   4   0.348    n/a    0.059   0.206   0.301   0.285           0.240     +0.000
   8   0.579    n/a    0.097   0.248   0.427   0.431           0.356     +0.116
  16   0.715    n/a    0.109   0.299   0.451   0.526           0.420     +0.180
  32   0.718    n/a    0.101   0.296   0.441   0.547           0.421     +0.181

Table 1b: mean ONMI over the settings feasible for each common_dim (columns cover different setting sets; compare down a column, not across)
 div       c4       c8      c16
   2    0.059    0.114    0.221
   4    0.227    0.276    0.240
   8    0.353    0.373    0.356
  16    0.378    0.425    0.420
  32    0.386    0.427    0.421
  64    0.405    0.438     n/a 

Table 1d: missing-modality group by p (c=8, ONMI, mean over crisismmd and fakeddit_real_lcc; n/a = skipped because rank < common_dim)
 div    p=0.0    p=0.4    p=0.8
   2    0.118    0.380    0.373
   4    0.367    0.402     n/a 
   8    0.463    0.387     n/a 
  16    0.462    0.366     n/a 
  32    0.460     n/a      n/a 
  64    0.471     n/a      n/a 
alph    0.432    0.422    0.379   (ref:alpha05)
spec    0.701    0.639    0.385   (ref:spectral)
kmea    0.330    0.085    0.015   (ref:kmeans_content)
stru    0.402    0.402    0.402   (ref:structure_only)

References (same groups, same c=8 setting set): 
         ref:alpha05   0.537    n/a    0.103   0.236   0.432   0.364           0.334
        ref:concat05   0.545    n/a    0.092   0.282   0.424   0.397           0.348
        ref:spectral   0.716    n/a    0.386   0.528   0.701   0.676           0.602
  ref:kmeans_content   0.239    n/a    0.199   0.239   0.330   0.198           0.241
         ref:louvain   0.611    n/a    0.207   0.259   0.435   0.523           0.407
  ref:structure_only   0.706    n/a    0.121   0.322   0.402   0.532           0.417
Robust preset (adaptive-m FCM, raw-PCA content) with different rank caps (c=8):
              rob r4   0.690    n/a    0.161   0.443   0.458   0.509           0.452
             rob r16   0.772    n/a    0.112   0.367   0.451   0.577           0.456
             rob r64   0.713    n/a    0.111   0.345   0.449   0.524           0.428

Table 1c: costs at c=8: modularity and F1, group mean (non-PHEME settings)
 div  modularity      F1    ONMI
   2       0.272   0.214   0.114
   4       0.386   0.343   0.276
   8       0.469   0.433   0.373
  16       0.468   0.462   0.425
  32       0.471   0.469   0.427
  64       0.473   0.467   0.438
    per-group modularity, div 4 vs 16 vs 64 (c=8): 
    div  4: orig=0.409 pheme=nan real=0.374 sweep=0.176 miss=0.533 mis=0.437
    div 16: orig=0.376 pheme=nan real=0.642 sweep=0.262 miss=0.557 mis=0.505
    div 64: orig=0.356 pheme=nan real=0.678 sweep=0.273 miss=0.554 mis=0.503

Table 2: agreement/alpha statistics per rank cap (c=8), settings with real pairs and no injected corruption
  (orig crisismmd/fakeddit, real, sweep, miss p=0; 'both' nodes)
 div  eff_rank(crisis)  agree mean  agree sd  share>0.8   alpha    conf
   2               384       0.975     0.037      0.981   0.661   0.730
   4               200       0.838     0.149      0.741   0.589   0.627
   8               100       0.686     0.233      0.394   0.496   0.494
  16                50       0.582     0.288      0.267   0.441   0.416
  32                25       0.505     0.320      0.193   0.406   0.366
  64                12       0.417     0.344      0.130   0.370   0.314

Table 3: AUROC of agreement for detecting injected mismatches (c=8) by rank cap; d' and overlap
 div   crisismmd@0.1   crisismmd@0.2   crisismmd@0.4    fakeddit@0.1    fakeddit@0.2    fakeddit@0.4   fakeddit_@0.1   fakeddit_@0.2   fakeddit_@0.4
   2           0.661           0.642           0.610           0.645           0.647           0.617           0.602           0.609           0.600
   4           0.644           0.610           0.571           0.614           0.587           0.554           0.559           0.532           0.535
   8           0.737           0.689           0.636           0.693           0.667           0.580           0.636           0.596           0.547
  16           0.805           0.783           0.726           0.756           0.725           0.667           0.714           0.682           0.619
  32           0.833           0.836           0.793           0.784           0.773           0.742           0.711           0.726           0.662
  64           0.809           0.822           0.797           0.804           0.806           0.785           0.739           0.736           0.704
   mean d' (clean vs corrupted pairs, higher = better separated) / histogram overlap, averaged over q>0:
   div  2: d'=0.183  overlap=0.814  AUROC(all)=0.626
   div  4: d'=0.195  overlap=0.789  AUROC(all)=0.578
   div  8: d'=0.477  overlap=0.720  AUROC(all)=0.642
   div 16: d'=0.798  overlap=0.612  AUROC(all)=0.720
   div 32: d'=1.009  overlap=0.554  AUROC(all)=0.762
   div 64: d'=1.094  overlap=0.529  AUROC(all)=0.778
   ONMI degradation from q=0 to q=0.4 (c=8), by dataset:
 div           crisismmd            fakeddit   fakeddit_real_lcc
   2              +0.026              +0.137              -0.060
   4              -0.095              -0.107              -0.024
   8              -0.109              +0.020              -0.045
  16              -0.052              -0.036              -0.005
  32              -0.046              -0.025              -0.004
  64              -0.024              -0.008              +0.010
alpha05              -0.115              -0.038              -0.047
concat05              -0.029              -0.013              -0.008
spectral              +0.012              +0.093              -0.020

Table 4: held-out (5-fold) canonical correlations vs training, and pair cosine (label-free rank rule?)
  cv_corr = mean held-out correlation of the c canonical pairs; gap = train - held-out; cv_cos = mean held-out cosine of projected pairs (what 'agreement' measures)

  H~B|crisismmd|q0.0  (n_paired ~ see eff_rank; c=8 rows shown, plus best c per rank in the CSV)
 div eff_rank  train_corr  cv_corr     gap  train_cos  cv_cos cv_cos_sd  cv>0.8  AUROC(cv)
   2      384       0.989    0.045   0.944      0.984   0.045     0.356   0.007       n/a 
   4      200       0.930    0.263   0.667      0.900   0.236     0.360   0.043       n/a 
   8      100       0.793    0.442   0.351      0.742   0.382     0.359   0.115       n/a 
  16       50       0.691    0.517   0.175      0.635   0.462     0.340   0.170       n/a 
  32       25       0.605    0.502   0.103      0.563   0.465     0.336   0.158       n/a 
  64       12       0.489    0.440   0.049      0.450   0.406     0.351   0.127       n/a 

  H~B|crisismmd|q0.2  (n_paired ~ see eff_rank; c=8 rows shown, plus best c per rank in the CSV)
 div eff_rank  train_corr  cv_corr     gap  train_cos  cv_cos cv_cos_sd  cv>0.8  AUROC(cv)
   2      384       0.988    0.020   0.969      0.982   0.023     0.352   0.005      0.521
   4      200       0.920    0.116   0.804      0.884   0.109     0.365   0.012      0.620
   8      100       0.745    0.269   0.476      0.691   0.236     0.382   0.050      0.734
  16       50       0.610    0.340   0.269      0.557   0.301     0.391   0.098      0.806
  32       25       0.506    0.369   0.138      0.471   0.341     0.384   0.095      0.837
  64       12       0.387    0.329   0.058      0.363   0.310     0.390   0.095      0.815

  H~B|fakeddit|q0.0  (n_paired ~ see eff_rank; c=8 rows shown, plus best c per rank in the CSV)
 div eff_rank  train_corr  cv_corr     gap  train_cos  cv_cos cv_cos_sd  cv>0.8  AUROC(cv)
   2      384       0.983    0.045   0.938      0.968   0.051     0.365   0.011       n/a 
   4      285       0.922    0.142   0.780      0.895   0.136     0.358   0.016       n/a 
   8      142       0.763    0.342   0.421      0.725   0.316     0.354   0.063       n/a 
  16       71       0.646    0.410   0.235      0.597   0.370     0.350   0.098       n/a 
  32       35       0.563    0.435   0.127      0.511   0.395     0.356   0.119       n/a 
  64       17       0.475    0.410   0.065      0.438   0.386     0.351   0.106       n/a 

  H~B|fakeddit|q0.2  (n_paired ~ see eff_rank; c=8 rows shown, plus best c per rank in the CSV)
 div eff_rank  train_corr  cv_corr     gap  train_cos  cv_cos cv_cos_sd  cv>0.8  AUROC(cv)
   2      384       0.982    0.027   0.956      0.968   0.029     0.354   0.005      0.530
   4      285       0.917    0.063   0.854      0.885   0.058     0.359   0.010      0.553
   8      142       0.726    0.173   0.552      0.691   0.160     0.370   0.021      0.670
  16       71       0.581    0.271   0.310      0.542   0.246     0.378   0.054      0.750
  32       35       0.479    0.315   0.163      0.436   0.287     0.382   0.075      0.777
  64       17       0.387    0.304   0.083      0.357   0.286     0.388   0.079      0.803

  H~B|fakeddit_real_lcc|q0.0  (n_paired ~ see eff_rank; c=8 rows shown, plus best c per rank in the CSV)
 div eff_rank  train_corr  cv_corr     gap  train_cos  cv_cos cv_cos_sd  cv>0.8  AUROC(cv)
   2      293       0.991    0.039   0.952      0.990   0.048     0.356   0.013       n/a 
   4      146       0.918    0.200   0.718      0.863   0.162     0.378   0.031       n/a 
   8       73       0.750    0.298   0.452      0.694   0.253     0.372   0.058       n/a 
  16       36       0.605    0.338   0.267      0.540   0.294     0.382   0.081       n/a 
  32       18       0.473    0.322   0.150      0.408   0.282     0.383   0.076       n/a 
  64        9       0.324    0.258   0.066      0.284   0.226     0.383   0.056       n/a 

  H~B|fakeddit_real_lcc|q0.2  (n_paired ~ see eff_rank; c=8 rows shown, plus best c per rank in the CSV)
 div eff_rank  train_corr  cv_corr     gap  train_cos  cv_cos cv_cos_sd  cv>0.8  AUROC(cv)
   2      293       0.990    0.013   0.977      0.985   0.012     0.349   0.009      0.515
   4      146       0.907    0.068   0.838      0.854   0.071     0.366   0.015      0.546
   8       73       0.707    0.144   0.562      0.658   0.132     0.381   0.029      0.671
  16       36       0.536    0.220   0.316      0.489   0.203     0.389   0.044      0.736
  32       18       0.396    0.217   0.180      0.355   0.193     0.392   0.048      0.746
  64        9       0.260    0.199   0.061      0.236   0.188     0.381   0.049      0.733

  Rank chosen by held-out correlation (argmax cv_corr, c=8 and any c) vs rank with best downstream ONMI:
             dataset  argmax cv_corr (c=8)  argmax cv_corr (any c)  best ONMI div (c=8)  min gap div (c=8)
           crisismmd             cv|r16|c8               cv|r16|c4            nf|r64|c8          cv|r64|c8
            fakeddit             cv|r32|c8               cv|r32|c4            nf|r64|c8          cv|r64|c8
   fakeddit_real_lcc             cv|r16|c8               cv|r16|c4             nf|r8|c8          cv|r64|c8

Table 5: alpha-controlled ONMI (c=8). self = alpha clamped to this rank's own mean alpha; fixed = alpha clamped to the div-4 default's mean alpha (isolates CCA quality)
 div  group  ONMI default  alpha mean  ONMI self  ONMI fixed
   2   orig         0.168       0.660      0.164       0.218
   4   orig         0.459       0.592      0.468       0.468
  16   orig         0.735       0.446      0.729       0.539
  64   orig         0.755       0.377      0.740       0.574
   2   real         0.040       0.650      0.047       0.050
   4   real         0.083       0.578      0.089       0.089
  16   real         0.115       0.416      0.115       0.113
  64   real         0.112       0.344      0.113       0.127
   2  sweep         0.087       0.660      0.093       0.155
   4  sweep         0.178       0.592      0.184       0.184
  16  sweep         0.292       0.446      0.289       0.266
  64  sweep         0.302       0.377      0.302       0.288
   2   miss         0.118       0.678      0.123       0.174
   4   miss         0.367       0.587      0.366       0.366
  16   miss         0.462       0.437      0.451       0.432
  64   miss         0.471       0.355      0.451       0.455
   2    mis         0.155       0.663      0.151       0.173
   4    mis         0.292       0.572      0.279       0.279
  16    mis         0.519       0.398      0.542       0.392
  64    mis         0.550       0.333      0.555       0.437
  Reading: 'fixed' varies ONLY the CCA/fused content across ranks at the same alpha; 'default' also changes alpha. Gain(default) - gain(fixed) ~ share due to the alpha effect.

  Summary over all non-PHEME groups:
 div  default   alpha    self   fixed
   2    0.114   0.662   0.116   0.154   (div-4 default = 0.276)
   4    0.276   0.584   0.277   0.277   (div-4 default = 0.276)
  16    0.425   0.429   0.425   0.348   (div-4 default = 0.276)
  64    0.438   0.357   0.432   0.376   (div-4 default = 0.276)

Table 6: leave-one-dataset-out selection of (pca_rank_div, common_dim) over the 18-config grid
  families: crisismmd (orig, sweep, miss, mis q>0), fakeddit (orig, sweep, mis q>0), fakeddit_real (real x2, miss, mis q>0); PHEME excluded from selection
  candidate configs (feasible on all 25 family settings of the c=8 common set): ['nf|r16|c16', 'nf|r16|c4', 'nf|r16|c8', 'nf|r2|c16', 'nf|r2|c4', 'nf|r2|c8', 'nf|r32|c16', 'nf|r32|c4', 'nf|r32|c8', 'nf|r4|c16', 'nf|r4|c4', 'nf|r4|c8', 'nf|r64|c4', 'nf|r64|c8', 'nf|r8|c16', 'nf|r8|c4', 'nf|r8|c8']
      held-out  chosen on other 2   tuned  default    diff  2*noise  verdict  per-setting W/T/L
     crisismmd          nf|r64|c8   0.516    0.379  +0.136    0.390      tie              7/1/2
      fakeddit          nf|r64|c8   0.497    0.204  +0.293    0.304    tuned              7/0/2
 fakeddit_real          nf|r64|c8   0.169    0.098  +0.071    0.046    tuned              5/1/0
  (per-setting W/T/L uses a fixed 0.02 tie band; family-level verdict uses max(0.02, sd_tuned + sd_default))

  Also the fixed configs, held-out family means (ONMI): 
      config      crisismmd       fakeddit  fakeddit_real    mean
    nf|r4|c8          0.379          0.204          0.098   0.227
    nf|r8|c8          0.480          0.346          0.168   0.331
   nf|r16|c8          0.508          0.463          0.162   0.378
   nf|r32|c8          0.506          0.482          0.164   0.384
   nf|r64|c8          0.516          0.497          0.169   0.394
  nf|r16|c16          0.504          0.475          0.160   0.380
   nf|r16|c4          0.405          0.427          0.171   0.334

Control: PHEME (text-only, rank cap irrelevant) nf|r4|c8 ONMI = 0.005; spectral = 0.373

Rows: 4545  errors: 0  skipped (eff_rank < common_dim): 214
