Scaling results (synthetic SBM graphs, n_communities=8, avg degree ~18)
==============================================================================

Part A: end-to-end wall-clock fit time (s) and peak RSS (MB), mean over seeds
------------------------------------------------------------------------------
method                         n    wall_fit_s   peak_rss_mb   avg_deg      note
nfmcd_default                200         0.125         187.3      18.2          
nfmcd_default                500         0.458         200.4      18.1          
nfmcd_default               1000         1.401         229.2      18.1          
nfmcd_default               2000         3.343         300.1      17.9          
nfmcd_default               5000         6.414         466.0      18.0          
nfmcd_default              10000        11.789         819.5      18.0          
nfmcd_default              20000        21.297        1442.4      18.0          
  -> empirical scaling exponent (log-log slope) for nfmcd_default: 1.09
nfmcd_robust                 200         0.167         189.4      18.2          
nfmcd_robust                 500         0.349         202.8      18.1          
nfmcd_robust                1000         0.537         225.6      18.1          
nfmcd_robust                2000         1.287         268.7      17.9          
nfmcd_robust                5000         4.375         419.9      18.0          
nfmcd_robust               10000        12.321         819.2      18.0          
nfmcd_robust               20000        21.516        1443.0      18.0          
  -> empirical scaling exponent (log-log slope) for nfmcd_robust: 1.11
louvain                      200         0.011         177.1      18.2          
louvain                      500         0.031         180.5      18.1          
louvain                     1000         0.104         189.5      18.1          
louvain                     2000         0.182         203.6      17.9          
louvain                     5000         0.914         244.7      18.0          
louvain                    10000         2.492         337.4      18.0          
louvain                    20000        11.859         500.1      18.0          
  -> empirical scaling exponent (log-log slope) for louvain: 1.49
spectral_graph_content       200         0.088         188.9      18.2          
spectral_graph_content       500         0.161         206.9      18.1          
spectral_graph_content      1000         0.203         260.9      18.1          
spectral_graph_content      2000         0.479         453.7      17.9          
spectral_graph_content      5000         2.539        1692.9      18.0          
spectral_graph_content     10000        12.562        5989.8      18.0          
spectral_graph_content     20000            --            --        --  memory_guard: dense n*n affinity alone would need ~3.2 GB (g
  -> empirical scaling exponent (log-log slope) for spectral_graph_content: 1.25

Part B: nfmcd_default per-stage time share (s)
------------------------------------------------------------------------------
       n                fusion  structural_embedding   alpha_fuse_features           cluster_fcm     total
     200                0.1250                0.0000                0.0000                0.0160    0.1410
     500                0.4370                0.0160                0.0000                0.0000    0.4530
    1000                1.3750                0.0310                0.0000                0.0000    1.4060
    2000                3.4380                0.0310                0.0000                0.0150    3.4840
    5000                6.0310                0.0780                0.0000                0.0630    6.1720
   10000               11.0310                0.2500                0.0000                0.0780   11.3590
   20000               20.1560                0.9840                0.0000                0.2660   21.4060
  per-stage empirical scaling exponents:
    fusion                   slope=1.08
    structural_embedding     slope=1.06
    cluster_fcm              slope=0.58

Part C: clusterer comparison (nfmcd_default with each clusterer)
------------------------------------------------------------------------------
clusterer                  n    wall_fit_s   peak_rss_mb
fcm                     1000         2.242         229.0
fcm_adaptive_m          1000         2.711         228.7
kmeans_softmax          1000         1.570         229.0
gmm                     1000         1.391         229.2
spectral_soft           1000         1.578         229.3
fcm                     5000         7.625         466.3
fcm_adaptive_m          5000         8.281         466.5
kmeans_softmax          5000         6.109         499.2
gmm                     5000         6.094         466.5
spectral_soft           5000         6.094         466.4
