Overlap-threshold sensitivity sweep (Sections 6.1-6.3)
Re-scores cached fitted models at each threshold; no refitting.
Thresholds tested: [0.1, 0.15, 0.2, 0.25, 0.3, 0.35, 0.4]

====================================================================================================
VARIANT: default
====================================================================================================

ONMI by threshold (mean±sd over seeds)
threshold            crisismmd               pheme            fakeddit                dblp              amazon   fakeddit_real_lcc
0.10              0.305±0.066        0.037±0.013        0.325±0.028        0.519±0.000        0.408±0.000        0.043±0.005
0.15              0.520±0.063        0.013±0.010        0.379±0.061        0.663±0.000        0.441±0.000        0.086±0.035
0.20              0.609±0.016        0.005±0.007        0.316±0.043        0.670±0.000        0.554±0.000        0.126±0.019
0.25              0.583±0.045        0.013±0.018        0.277±0.031        0.669±0.000        0.541±0.001        0.122±0.017
0.30              0.583±0.045        0.013±0.018        0.253±0.026        0.672±0.000        0.536±0.000        0.122±0.017
0.35              0.583±0.045        0.013±0.018        0.249±0.024        0.675±0.000        0.528±0.000        0.122±0.017
0.40              0.583±0.045        0.013±0.018        0.247±0.023        0.672±0.000        0.526±0.000        0.122±0.017

F1 by threshold (mean±sd over seeds)
threshold            crisismmd               pheme            fakeddit                dblp              amazon   fakeddit_real_lcc
0.10              0.447±0.065        0.248±0.009        0.310±0.037        0.700±0.000        0.754±0.000        0.248±0.015
0.15              0.587±0.065        0.243±0.010        0.256±0.036        0.726±0.000        0.771±0.000        0.285±0.048
0.20              0.667±0.114        0.267±0.013        0.248±0.037        0.733±0.000        0.797±0.000        0.264±0.032
0.25              0.653±0.106        0.274±0.017        0.244±0.037        0.732±0.000        0.768±0.002        0.264±0.031
0.30              0.653±0.106        0.229±0.009        0.242±0.037        0.732±0.000        0.751±0.000        0.264±0.031
0.35              0.653±0.106        0.229±0.009        0.239±0.036        0.733±0.000        0.748±0.000        0.264±0.031
0.40              0.653±0.106        0.229±0.009        0.239±0.036        0.732±0.000        0.743±0.000        0.264±0.031

Mean max membership (soft-ness check, independent of threshold) by dataset:
  crisismmd           0.327
  pheme               0.407
  fakeddit            0.176
  dblp                0.933
  amazon              0.938
  fakeddit_real_lcc   0.258

====================================================================================================
VARIANT: robust
====================================================================================================

ONMI by threshold (mean±sd over seeds)
threshold            crisismmd               pheme            fakeddit                dblp              amazon   fakeddit_real_lcc
0.10              0.498±0.005        0.028±0.006        0.717±0.006        0.520±0.000        0.408±0.000        0.121±0.001
0.15              0.680±0.002        0.026±0.011        0.815±0.013        0.663±0.000        0.441±0.000        0.156±0.001
0.20              0.707±0.002        0.004±0.006        0.836±0.018        0.670±0.000        0.554±0.000        0.195±0.000
0.25              0.711±0.001        0.004±0.006        0.845±0.020        0.669±0.000        0.540±0.000        0.197±0.001
0.30              0.675±0.030        0.004±0.006        0.843±0.020        0.672±0.000        0.536±0.000        0.200±0.001
0.35              0.647±0.030        0.004±0.006        0.838±0.021        0.675±0.000        0.528±0.000        0.203±0.001
0.40              0.607±0.032        0.004±0.006        0.831±0.022        0.672±0.000        0.526±0.000        0.205±0.001

F1 by threshold (mean±sd over seeds)
threshold            crisismmd               pheme            fakeddit                dblp              amazon   fakeddit_real_lcc
0.10              0.572±0.003        0.242±0.011        0.754±0.006        0.700±0.000        0.754±0.000        0.292±0.000
0.15              0.652±0.002        0.253±0.009        0.827±0.003        0.726±0.000        0.771±0.000        0.300±0.002
0.20              0.702±0.003        0.289±0.014        0.845±0.004        0.733±0.000        0.797±0.000        0.351±0.000
0.25              0.718±0.001        0.262±0.026        0.853±0.004        0.732±0.000        0.766±0.000        0.357±0.001
0.30              0.714±0.031        0.227±0.008        0.855±0.004        0.732±0.000        0.751±0.000        0.360±0.001
0.35              0.696±0.038        0.227±0.008        0.854±0.006        0.733±0.000        0.748±0.000        0.363±0.001
0.40              0.679±0.039        0.227±0.008        0.852±0.007        0.732±0.000        0.743±0.000        0.365±0.001

Mean max membership (soft-ness check, independent of threshold) by dataset:
  crisismmd           0.497
  pheme               0.372
  fakeddit            0.713
  dblp                0.933
  amazon              0.938
  fakeddit_real_lcc   0.636

====================================================================================================
Best threshold by ONMI, and cost of the fixed 0.2 default relative to it
====================================================================================================
  crisismmd           default  best=0.20 (onmi=0.609)  at 0.20 (onmi=0.609)  cost_of_fixed_0.2=+0.000
  pheme               default  best=0.10 (onmi=0.037)  at 0.20 (onmi=0.005)  cost_of_fixed_0.2=+0.031
  fakeddit            default  best=0.15 (onmi=0.379)  at 0.20 (onmi=0.316)  cost_of_fixed_0.2=+0.063
  dblp                default  best=0.35 (onmi=0.675)  at 0.20 (onmi=0.670)  cost_of_fixed_0.2=+0.005
  amazon              default  best=0.20 (onmi=0.554)  at 0.20 (onmi=0.554)  cost_of_fixed_0.2=+0.000
  fakeddit_real_lcc   default  best=0.20 (onmi=0.126)  at 0.20 (onmi=0.126)  cost_of_fixed_0.2=+0.000
  crisismmd           robust   best=0.25 (onmi=0.711)  at 0.20 (onmi=0.707)  cost_of_fixed_0.2=+0.003
  pheme               robust   best=0.10 (onmi=0.028)  at 0.20 (onmi=0.004)  cost_of_fixed_0.2=+0.024
  fakeddit            robust   best=0.25 (onmi=0.845)  at 0.20 (onmi=0.836)  cost_of_fixed_0.2=+0.008
  dblp                robust   best=0.35 (onmi=0.675)  at 0.20 (onmi=0.670)  cost_of_fixed_0.2=+0.005
  amazon              robust   best=0.20 (onmi=0.554)  at 0.20 (onmi=0.554)  cost_of_fixed_0.2=+0.000
  fakeddit_real_lcc   robust   best=0.40 (onmi=0.205)  at 0.20 (onmi=0.195)  cost_of_fixed_0.2=+0.010
