[cache] crisismmd: already cached, skipping
[cache] pheme: already cached, skipping
[cache] fakeddit: already cached, skipping
[cache] dblp: 1072 nodes, 2766 edges, k=8, text emb=0, image emb=0, 1s
[cache] amazon: 146 nodes, 390 edges, k=4, text emb=0, image emb=0, 1s
[cache] total 3s
==============================================================================
PHASE A: one-at-a-time sensitivity around defaults
==============================================================================
  0/210 fits already in CSV; running 210
  ran 210 fits in 114s with 6 workers (0 errors)

Default-config ONMI (mean +/- sd over seeds 0,1,2):
  crisismmd  0.6092 +/- 0.0191
  pheme      0.0050 +/- 0.0087
  fakeddit   0.3083 +/- 0.0651
  dblp       0.6703 +/- 0.0000
  amazon     0.5535 +/- 0.0000

--- m ---
  crisismmd  1.2: 0.562+/-0.011 | 1.3: 0.603+/-0.008 | 1.5*: 0.609+/-0.019 | 1.75: 0.348+/-0.077 | 2.0: 0.334+/-0.030
  pheme      1.2: 0.008+/-0.007 | 1.3: 0.008+/-0.007 | 1.5*: 0.005+/-0.009 | 1.75: 0.011+/-0.005 | 2.0: 0.020+/-0.008
  fakeddit   1.2: 0.608+/-0.066 | 1.3: 0.512+/-0.110 | 1.5*: 0.308+/-0.065 | 1.75: 0.219+/-0.036 | 2.0: 0.295+/-0.050
  dblp       1.2: 0.643+/-0.054 | 1.3: 0.646+/-0.061 | 1.5*: 0.670+/-0.000 | 1.75: 0.619+/-0.000 | 2.0: 0.614+/-0.000
  amazon     1.2: 0.515+/-0.035 | 1.3: 0.515+/-0.035 | 1.5*: 0.554+/-0.000 | 1.75: 0.441+/-0.000 | 2.0: 0.386+/-0.037

--- alpha ---
  crisismmd  (0.05, 0.95): 0.453+/-0.153 | (0.15, 0.85)*: 0.609+/-0.019 | (0.25, 0.75): 0.614+/-0.019
  pheme      (0.05, 0.95): 0.009+/-0.008 | (0.15, 0.85)*: 0.005+/-0.009 | (0.25, 0.75): 0.014+/-0.012
  fakeddit   (0.05, 0.95): 0.301+/-0.034 | (0.15, 0.85)*: 0.308+/-0.065 | (0.25, 0.75): 0.339+/-0.043

--- sd ---
  crisismmd  0.5: 0.636+/-0.008 | 1.0*: 0.609+/-0.019 | 1.5: 0.299+/-0.127 | 2.0: 0.238+/-0.075
  pheme      0.5: 0.000+/-0.000 | 1.0*: 0.005+/-0.009 | 1.5: 0.014+/-0.012 | 2.0: 0.000+/-0.000
  fakeddit   0.5: 0.421+/-0.069 | 1.0*: 0.308+/-0.065 | 1.5: 0.206+/-0.029 | 2.0: 0.244+/-0.032
  dblp       0.5: 0.534+/-0.092 | 1.0*: 0.670+/-0.000 | 1.5: 0.443+/-0.037 | 2.0: 0.332+/-0.003
  amazon     0.5: 0.640+/-0.003 | 1.0*: 0.554+/-0.000 | 1.5: 0.371+/-0.001 | 2.0: 0.377+/-0.000

--- cd ---
  crisismmd  4: 0.417+/-0.006 | 8*: 0.609+/-0.019 | 16: 0.499+/-0.059 | 32: 0.497+/-0.035
  pheme      4: 0.005+/-0.009 | 8*: 0.005+/-0.009 | 16: 0.005+/-0.009 | 32: 0.005+/-0.009
  fakeddit   4: 0.157+/-0.023 | 8*: 0.308+/-0.065 | 16: 0.198+/-0.018 | 32: 0.189+/-0.028

--- anfis ---
  crisismmd  default*: 0.609+/-0.019 | shift-0.1: 0.310+/-0.045 | shift+0.1: 0.638+/-0.015 | scale0.6: 0.271+/-0.099 | scale1.5: 0.611+/-0.050 | pct: 0.670+/-0.016
  pheme      default*: 0.005+/-0.009 | shift-0.1: 0.005+/-0.009 | shift+0.1: 0.005+/-0.009 | scale0.6: 0.005+/-0.009 | scale1.5: 0.005+/-0.009 | pct: 0.005+/-0.009
  fakeddit   default*: 0.308+/-0.065 | shift-0.1: 0.220+/-0.021 | shift+0.1: 0.365+/-0.014 | scale0.6: 0.251+/-0.006 | scale1.5: 0.360+/-0.075 | pct: 0.467+/-0.052

Rule: a parameter 'mattered' if on some non-PHEME dataset a value moved mean ONMI by more than max(0.02, 2*sd) from the default.
Mattered: m: crisismmd(1.2: -0.047), crisismmd(1.75: -0.261), crisismmd(2.0: -0.276), fakeddit(1.2: +0.299), dblp(1.75: -0.051), dblp(2.0: -0.056), amazon(1.75: -0.113), amazon(2.0: -0.167); sd: crisismmd(1.5: -0.310), crisismmd(2.0: -0.371), dblp(1.5: -0.228), dblp(2.0: -0.339), amazon(0.5: +0.087), amazon(1.5: -0.182), amazon(2.0: -0.176); cd: crisismmd(4: -0.192), crisismmd(32: -0.112), fakeddit(4: -0.151); anfis: crisismmd(shift-0.1: -0.299), crisismmd(scale0.6: -0.338), crisismmd(pct: +0.061), fakeddit(pct: +0.159)
Kept for Phase B: ['m', 'sd', 'cd', 'anfis']
Saved experiments/tuning_sensitivity_<param>.png
[phaseA] total 115s

==============================================================================
PHASE B: random search + leave-one-dataset-out (LODO) selection
==============================================================================
Searching over: ['m', 'sd', 'cd', 'anfis']
61 configs (default + 60 random) x 5 datasets x 3 seeds
  24/915 fits already in CSV; running 891
  ran 891 fits in 415s with 6 workers (0 errors)

LODO selection (score = mean ONMI over the other non-PHEME datasets; default is config 0)
held-out    chosen cfg           tuned         default    delta  2*noise  verdict
---------------------------------------------------------------------------------
crisismmd           33     0.734+/-0.016     0.609+/-0.019   +0.125    0.050  tuned better
            cfg 33: {'m': 1.2, 'alpha': (0.15, 0.85), 'sd': 1.0, 'cd': 16, 'anfis': 'default'}
fakeddit            35     0.467+/-0.052     0.308+/-0.065   +0.159    0.166  within noise
            cfg 35: {'m': 1.5, 'alpha': (0.15, 0.85), 'sd': 1.0, 'cd': 8, 'anfis': 'pct'}
dblp                33     0.643+/-0.054     0.670+/-0.000   -0.027    0.108  within noise
            cfg 33: {'m': 1.2, 'alpha': (0.15, 0.85), 'sd': 1.0, 'cd': 16, 'anfis': 'default'}
amazon              33     0.515+/-0.035     0.554+/-0.000   -0.038    0.071  within noise
            cfg 33: {'m': 1.2, 'alpha': (0.15, 0.85), 'sd': 1.0, 'cd': 16, 'anfis': 'default'}

Mean held-out delta (tuned - default) over 4 datasets: +0.0547

PHEME (not used in selection) for each chosen config vs default:
  chosen for crisismmd : cfg 33: PHEME ONMI 0.008+/-0.007 (default 0.005+/-0.009)
  chosen for fakeddit  : cfg 35: PHEME ONMI 0.005+/-0.009 (default 0.005+/-0.009)
  chosen for dblp      : cfg 33: PHEME ONMI 0.008+/-0.007 (default 0.005+/-0.009)
  chosen for amazon    : cfg 33: PHEME ONMI 0.008+/-0.007 (default 0.005+/-0.009)
  best PHEME ONMI over all 61 configs: 0.029

Top 5 configs by mean ONMI over the 4 selection datasets (in-sample, NOT held-out):
  cfg 33: 0.6723  (default 0.5353)  {'m': 1.2, 'alpha': (0.15, 0.85), 'sd': 1.0, 'cd': 16, 'anfis': 'default'}
  cfg 47: 0.6174  (default 0.5353)  {'m': 1.3, 'alpha': (0.15, 0.85), 'sd': 0.5, 'cd': 16, 'anfis': 'pct'}
  cfg 23: 0.6167  (default 0.5353)  {'m': 1.3, 'alpha': (0.15, 0.85), 'sd': 0.5, 'cd': 16, 'anfis': 'scale0.6'}
  cfg 41: 0.6061  (default 0.5353)  {'m': 1.2, 'alpha': (0.15, 0.85), 'sd': 1.0, 'cd': 8, 'anfis': 'scale1.5'}
  cfg 9: 0.5921  (default 0.5353)  {'m': 1.2, 'alpha': (0.15, 0.85), 'sd': 1.0, 'cd': 8, 'anfis': 'shift+0.1'}
[phaseB] total 415s
